// Jest Snapshot v1, https://goo.gl/fbAQLP

exports[`should render editExpensePage snapshot 1`] = `
<div>
  <div
    className="page-header"
  >
    <div
      className="content-container"
    >
      <h1
        className="page-header__title"
      >
        Edit expense
      </h1>
    </div>
  </div>
  <div
    className="content-container"
  >
    <ExpenseForm
      expense={
        Object {
          "amount": 4500,
          "createdAt": 0,
          "description": "Water bill",
          "id": "89374edd-2b99-4974-a860-9215c211307f",
          "note": "",
        }
      }
      onSubmit={[Function]}
    />
    <button
      className="button button--remove"
      onClick={[Function]}
    >
      Remove Expense
    </button>
  </div>
</div>
`;
