// Jest Snapshot v1, https://goo.gl/fbAQLP

exports[`should test expenseListItem component 1`] = `
<div>
  <Link
    replace={false}
    to="/edit/89374edd-2b99-4974-a860-9215c211307f"
  >
    <h3>
      Water bill
    </h3>
  </Link>
  <p>
    $45.00
    -
    1st January, 1970
  </p>
</div>
`;
